"blank"					"Chief Slapaho's Expert CS Script v11.0 Copywrite 09/17/2005"
"goslap"				"Start Chief Slapaho's CS Script"
"+sforward"				"Move Forward"
"+sback"				"Move Back"
"+smoveleft"				"Move Left (strafe)"
"+smoveright"				"Move Right (strafe)"
"+sjump"				"Jump"
"+duck"					"Duck"
"+gofire"				"Fire"
"+gofire2"				"Walk/Zoom Primary"
"initwalk"				"Reset Walk/Zoom Primary to Walk"
"+fire2alt"				"Walk/Zoom Secondary"
"+gofire3"				"Throw Grenades"
"+sreload"				"Reload Weapon"
"+suse"					"Plant Bomb"
"+suse2"				"Hostage/Defuse + NVG On/Off"
"dropprimary"				"Drop Primary Weapon"
"droppistol"				"Drop Pistol"
"drop"	 				"Drop Current Item"
"getbest"				"Get Best Weapon (Keyboard)"
"swapweap"				"Get Pistol AND Knife (Keyboard)"
"upweap"				"Get Best Weapon (MWheel Up)"
"dwnweap"				"Get Pistol OR Knife (MWheel Down)"
"buyall"				"One Button Buy All"
"buyammo"				"Buy Ammo/Grenades"
"armormod"				"Buy Armor On/Off"
"defusemod"				"Buy Defuser On/Off"
"nvgmod"				"Buy Night Vision On/Off"
"shieldmod"				"Buy Shield On/Off"
"demod"	 				"Buy Deagle On/Off"
"grnrt0"				"Reset Gren Buy Slots"
"grnslta"				"Gren Slot 1 Buy Selector"
"grnsltb"				"Gren Slot 2 Buy Selector"
"grnsltc"				"Gren Slot 3 Buy Selector"
"grnsltd"				"Gren Slot 4 Buy Selector"
"gwarnr"				"Gren Warnings On/Off"
"atskipr"				"AutoTaunt On/Adjust"
"firemode"				"Set Fire Mode"
"btdur"					"Set Burst Duration"
"slapahomode"				"Set Slapaho Mode"
"volup"					"Game volume Higher"
"voldn"					"Game volume Lower"
"nvg_up"				"NVG Bright Higher"
"nvg_down"				"NVG Bright Lower"
"rmtr"					"Program Radio Buttons"
"keyr1"					"Radio Button 1"
"keyr2"					"Radio Button 2"
"keyr3"					"Radio Button 3"
"armorbuy"				"Buy Best Armor"
"decs"					"Buy Desert Eagle"
"p228cs"				"Buy SIG P228"
"beretta57"				"Buy Elites/57"
"berettacs"				"Buy Elites"
"57cs"					"Buy 57"
"uspcs"					"Buy USP"
"glockcs"				"Buy Glock"
"mp5cs"					"Buy H&K MP5"
"umpcs"					"Buy H&K UMP"
"tmpmac"				"Buy TMP or MAC-10"
"tmpcs"					"Buy TMP"
"maccs"					"Buy MAC-10"
"p90cs"					"Buy P90"
"famasdef"				"Buy Famas or Defender"
"famascs"				"Buy Famas"
"defencs"				"Buy Defender"
"coltak47"				"Buy Colt M4A1 or AK47"
"coltcs"				"Buy Colt"
"ak47cs"				"Buy Ak47"
"augsig"				"Buy Styer Aug or SIG Commando"
"augcs"					"Buy Styer Aug"
"sigcs"					"Buy SIG Commando"
"shotcs"				"Buy Shotgun"
"autoshot"				"Buy Auto Shotgun"
"awpcs"					"Buy AWM/P"
"scoutcs"				"Buy Scout"
"550g3"					"Buy SIG 550 or G3SG1"
"sig550cs"				"Buy SIG 550"
"g3sg1cs"				"Buy G3SG1"
"para"					"Buy Para Machinegun"
"pwmod"					"Change Weapon Buy Mode"
"+sg"					"Spam Smoke"
"+fb"					"Spam FB"
"+he"					"Spam HE"
"handc"					"Hand Change"
"impulse 100"				"Flashlight"
"spam"					"Spam'O'Matic"
"netspeed"				"Adjust Network Settings"
"adjust_crosshair"			"Adjust Crosshair Color"
"+showscores"				"Display Multiplayer Scores"
"chooseteam" 				"Select Team"
"messagemode"				"Chat Message"
"messagemode2"				"Team Chat Message"
"impulse 201"				"Spray Logo"
"slot10"				"Menu Item 0"
"slot1"					"Menu Item 1"
"slot2"					"Menu Item 2"
"slot3" 				"Menu Item 3"
"slot4"					"Menu Item 4"
"slot5"					"Menu Item 5"
"slot6"					"Menu Item 6"
"slot7"					"Menu Item 7"
"slot8"					"Menu Item 8"
"slot9"					"Menu Item 9"
"snapshot"				"Take Screen Shot"
"nightvision"				"Turn Nightvision On/Off"
"radio1"				"Standard Radio Messages"
"radio2"				"Group Radio Messages"
"radio3"				"Report Radio Messages"
"showbriefing"				"Recap Mission Briefing"
"+voicerecord"				"Use voice communication"
"quit"					"Quit Game"
"blank"					"www.counter-script.net slapaho.freewebpage.org slapaho.stormpages.com"